// Jest Snapshot v1, https://goo.gl/fbAQLP

exports[`Button renders correctly 1`] = `
<button
  class="rk-button rk-button--default rk-button--normal"
/>
`;
